--- Testing API ---

--- 1. Add test user ---
Status: 200
{'id': {'email': 'test_update@gmail.com', 'numeroCarteIdentite': '99999999'}, 'nom': 'Test', 'prenom': 'Update', 'password': '123', 'enabled': True, 'email': 'test_update@gmail.com', 'numeroCarteIdentite': '99999999'}

--- 2. Update email ---
Status: 200
{'id': {'email': 'test_updated_now@gmail.com', 'numeroCarteIdentite': '99999999'}, 'nom': 'Test updated', 'prenom': 'Update', 'password': '123', 'enabled': True, 'email': 'test_updated_now@gmail.com', 'numeroCarteIdentite': '99999999'}

--- 3. Get updated user by CIN ---
Status: 200
{'id': {'email': 'test_updated_now@gmail.com', 'numeroCarteIdentite': '99999999'}, 'nom': 'Test updated', 'prenom': 'Update', 'password': '123', 'enabled': True, 'email': 'test_updated_now@gmail.com', 'numeroCarteIdentite': '99999999'}

--- 4. Delete user ---
Status: 200
{'success': True, 'message': 'Le compte de cette cin 99999999 est supprimer avec succees !'}
